../Drivers/Src/stm32f407xx_spi.c:21:6:SPI_PeriClockControl	16	static
../Drivers/Src/stm32f407xx_spi.c:59:6:SPI_Init	24	static
../Drivers/Src/stm32f407xx_spi.c:120:6:SPI_DeInit	16	static
../Drivers/Src/stm32f407xx_spi.c:130:6:SPI_PeripheralControl	16	static
../Drivers/Src/stm32f407xx_spi.c:140:7:SPI_SSIConfig	16	static
../Drivers/Src/stm32f407xx_spi.c:150:7:SPI_SSOEConfig	16	static
../Drivers/Src/stm32f407xx_spi.c:168:9:SPI_GetFlagStatus	16	static
../Drivers/Src/stm32f407xx_spi.c:180:6:SPI_Transmit	24	static
../Drivers/Src/stm32f407xx_spi.c:205:6:SPI_Transmit1	24	static
../Drivers/Src/stm32f407xx_spi.c:238:6:SPI_Receive	24	static
../Drivers/Src/stm32f407xx_spi.c:262:6:SPI_Receive1	24	static
../Drivers/Src/stm32f407xx_spi.c:287:6:SPI_TransmitReceive	24	static
../Drivers/Src/stm32f407xx_spi.c:344:9:SPI_Transmit_IT	32	static
../Drivers/Src/stm32f407xx_spi.c:371:9:SPI_Receive_IT	32	static
../Drivers/Src/stm32f407xx_spi.c:396:6:SPI_IRQInterruptConfig	16	static
../Drivers/Src/stm32f407xx_spi.c:441:6:SPI_IRQPriorityConfig	24	static
../Drivers/Src/stm32f407xx_spi.c:458:6:SPI_IRQHandler	24	static
../Drivers/Src/stm32f407xx_spi.c:494:14:spi_txe_interrupt_handler	16	static
../Drivers/Src/stm32f407xx_spi.c:518:14:spi_rxne_interrupt_handler	16	static
../Drivers/Src/stm32f407xx_spi.c:542:14:spi_ovr_error_interrupt_handler	16	static
../Drivers/Src/stm32f407xx_spi.c:553:6:SPI_CloseTransmisson	16	static
../Drivers/Src/stm32f407xx_spi.c:562:6:SPI_CloseReception	16	static
../Drivers/Src/stm32f407xx_spi.c:571:6:SPI_ClearOVRFlag	24	static
../Drivers/Src/stm32f407xx_spi.c:581:13:SPI_ApplicationEventCallback	16	static
