../Drivers/Src/stm32f407xx_i2c.c:30:6:I2C_GenerateStartCondition	16	static
../Drivers/Src/stm32f407xx_i2c.c:40:6:I2C_GenerateStopCondition	16	static
../Drivers/Src/stm32f407xx_i2c.c:51:13:I2C_MasterRequestWrite	16	static
../Drivers/Src/stm32f407xx_i2c.c:64:13:I2C_MasterRequestRead	16	static
../Drivers/Src/stm32f407xx_i2c.c:76:13:I2C_Clear_ADDRFlag	24	static
../Drivers/Src/stm32f407xx_i2c.c:122:13:I2C_MasterTransmit_BTF	16	static
../Drivers/Src/stm32f407xx_i2c.c:151:13:I2C_MasterReceive_BTF	16	static
../Drivers/Src/stm32f407xx_i2c.c:162:13:I2C_Slave_STOPF	16	static
../Drivers/Src/stm32f407xx_i2c.c:177:13:I2C_MasterTransmit_TXE	16	static
../Drivers/Src/stm32f407xx_i2c.c:199:13:I2C_MasterReceive_RXNE	16	static
../Drivers/Src/stm32f407xx_i2c.c:244:6:I2C_PeriClockControl	16	static
../Drivers/Src/stm32f407xx_i2c.c:272:6:I2C_Init	24	static
../Drivers/Src/stm32f407xx_i2c.c:332:6:I2C_DeInit	16	static
../Drivers/Src/stm32f407xx_i2c.c:349:9:I2C_GetFlagStatus	16	static
../Drivers/Src/stm32f407xx_i2c.c:368:6:I2C_Master_Transmit	24	static
../Drivers/Src/stm32f407xx_i2c.c:419:9:I2C_Master_Transmit_IT	32	static
../Drivers/Src/stm32f407xx_i2c.c:459:6:I2C_Master_Receive	32	static
../Drivers/Src/stm32f407xx_i2c.c:542:9:I2C_Master_Receive_IT	32	static
../Drivers/Src/stm32f407xx_i2c.c:579:6:I2C_ManageAcking	16	static
../Drivers/Src/stm32f407xx_i2c.c:596:6:I2C_PeripheralControl	16	static
../Drivers/Src/stm32f407xx_i2c.c:612:6:I2C_IRQInterruptConfig	16	static
../Drivers/Src/stm32f407xx_i2c.c:657:6:I2C_IRQPriorityConfig	24	static
../Drivers/Src/stm32f407xx_i2c.c:679:6:I2C_CloseTransmitData	16	static
../Drivers/Src/stm32f407xx_i2c.c:704:6:I2C_CloseReceiveData	16	static
../Drivers/Src/stm32f407xx_i2c.c:730:6:I2C_EV_IRQHandler	32	static
../Drivers/Src/stm32f407xx_i2c.c:843:6:I2C_ER_IRQHandler	24	static
../Drivers/Src/stm32f407xx_i2c.c:919:13:I2C_ApplicationEventCallback	16	static
