../Drivers/Src/stm32f407xx_usart.c:23:6:USART_PeriClockControl	16	static
../Drivers/Src/stm32f407xx_usart.c:68:6:USART_SetBaudRate	40	static
../Drivers/Src/stm32f407xx_usart.c:142:6:USART_InitGPIO	32	static
../Drivers/Src/stm32f407xx_usart.c:194:6:USART_SetParam	24	static
../Drivers/Src/stm32f407xx_usart.c:215:6:USART_Init	24	static
../Drivers/Src/stm32f407xx_usart.c:321:6:USART_DeInit	16	static
../Drivers/Src/stm32f407xx_usart.c:340:6:USART_PeripheralControl	16	static
../Drivers/Src/stm32f407xx_usart.c:358:9:USART_GetFlagStatus	16	static
../Drivers/Src/stm32f407xx_usart.c:371:6:USART_Transmit	32	static
../Drivers/Src/stm32f407xx_usart.c:425:7:USART_Receive	32	static
../Drivers/Src/stm32f407xx_usart.c:480:9:USART_Transmit_IT	32	static
../Drivers/Src/stm32f407xx_usart.c:513:9:USART_Receive_IT	32	static
../Drivers/Src/stm32f407xx_usart.c:543:6:USART_ClearFlag	16	static
../Drivers/Src/stm32f407xx_usart.c:554:6:USART_IRQInterruptConfig	16	static
../Drivers/Src/stm32f407xx_usart.c:599:6:USART_IRQPriorityConfig	24	static
../Drivers/Src/stm32f407xx_usart.c:615:13:USART_EndTxTransfer	16	static
../Drivers/Src/stm32f407xx_usart.c:645:13:USART_Transmit_TXE	24	static
../Drivers/Src/stm32f407xx_usart.c:702:13:USART_Receive_RXNE	16	static
../Drivers/Src/stm32f407xx_usart.c:780:6:USART_IRQHandler	24	static
../Drivers/Src/stm32f407xx_usart.c:918:13:USART_ApplicationEventCallback	16	static
