../Drivers/Src/stm32f407xx_usart.c:23:6:USART_PeriClockControl	16	static
../Drivers/Src/stm32f407xx_usart.c:68:6:USART_SetBaudRate	40	static
../Drivers/Src/stm32f407xx_usart.c:137:6:USART_Init	24	static
../Drivers/Src/stm32f407xx_usart.c:242:6:USART_DeInit	16	static
../Drivers/Src/stm32f407xx_usart.c:261:6:USART_PeripheralControl	16	static
../Drivers/Src/stm32f407xx_usart.c:279:9:USART_GetFlagStatus	16	static
../Drivers/Src/stm32f407xx_usart.c:292:6:USART_Transmit	32	static
../Drivers/Src/stm32f407xx_usart.c:345:7:USART_Receive	32	static
../Drivers/Src/stm32f407xx_usart.c:400:9:USART_Transmit_IT	32	static
../Drivers/Src/stm32f407xx_usart.c:433:9:USART_Receive_IT	32	static
../Drivers/Src/stm32f407xx_usart.c:463:6:USART_ClearFlag	16	static
../Drivers/Src/stm32f407xx_usart.c:474:6:USART_IRQInterruptConfig	16	static
../Drivers/Src/stm32f407xx_usart.c:519:6:USART_IRQPriorityConfig	24	static
../Drivers/Src/stm32f407xx_usart.c:535:13:USART_EndTxTransfer	16	static
../Drivers/Src/stm32f407xx_usart.c:565:13:USART_Transmit_TXE	24	static
../Drivers/Src/stm32f407xx_usart.c:622:13:USART_Receive_RXNE	16	static
../Drivers/Src/stm32f407xx_usart.c:699:6:USART_IRQHandler	24	static
../Drivers/Src/stm32f407xx_usart.c:837:13:USART_ApplicationEventCallback	16	static
