../Drivers/Src/stm32f407xx_spi.c:20:6:SPI_PeriClockControl	16	static
../Drivers/Src/stm32f407xx_spi.c:55:6:SPI_ConfigureBaudRate	16	static
../Drivers/Src/stm32f407xx_spi.c:67:6:SPI_SelectMasterSlaveMode	16	static
../Drivers/Src/stm32f407xx_spi.c:79:6:SPI_ConfigureClock	16	static
../Drivers/Src/stm32f407xx_spi.c:92:6:SPI_ConfigureFrameLength	16	static
../Drivers/Src/stm32f407xx_spi.c:104:6:SPI_ConfigureFrameFormat	16	static
../Drivers/Src/stm32f407xx_spi.c:116:6:SPI_ConfigureNSS	16	static
../Drivers/Src/stm32f407xx_spi.c:144:6:SPI_Enable	24	static
../Drivers/Src/stm32f407xx_spi.c:163:6:SPI_ConfigureIOPin	16	static
../Drivers/Src/stm32f407xx_spi.c:183:6:SPI_ConfigureDirection	16	static
../Drivers/Src/stm32f407xx_spi.c:199:6:SPI_Initialize	16	static
../Drivers/Src/stm32f407xx_spi.c:239:6:SPI_DeInit	16	static
../Drivers/Src/stm32f407xx_spi.c:248:6:SPI_PeripheralControl	16	static
../Drivers/Src/stm32f407xx_spi.c:255:6:SPI_SSIConfig	16	static
../Drivers/Src/stm32f407xx_spi.c:262:6:SPI_SSOEConfig	16	static
../Drivers/Src/stm32f407xx_spi.c:276:9:SPI_GetFlagStatus	16	static
../Drivers/Src/stm32f407xx_spi.c:287:7:SPI_Transmit	32	static
../Drivers/Src/stm32f407xx_spi.c:318:6:SPI_Transmit1	24	static
../Drivers/Src/stm32f407xx_spi.c:351:6:SPI_Receive	24	static
../Drivers/Src/stm32f407xx_spi.c:376:6:SPI_Receive1	24	static
../Drivers/Src/stm32f407xx_spi.c:402:6:SPI_TransmitReceive	24	static
../Drivers/Src/stm32f407xx_spi.c:457:9:SPI_Transmit_IT	32	static
../Drivers/Src/stm32f407xx_spi.c:484:9:SPI_Receive_IT	32	static
../Drivers/Src/stm32f407xx_spi.c:509:6:SPI_IRQInterruptConfig	16	static
../Drivers/Src/stm32f407xx_spi.c:544:6:SPI_IRQPriorityConfig	24	static
../Drivers/Src/stm32f407xx_spi.c:560:6:SPI_IRQHandler	24	static
../Drivers/Src/stm32f407xx_spi.c:595:13:spi_txe_interrupt_handler	16	static
../Drivers/Src/stm32f407xx_spi.c:617:13:spi_rxne_interrupt_handler	16	static
../Drivers/Src/stm32f407xx_spi.c:639:13:spi_ovr_error_interrupt_handler	16	static
../Drivers/Src/stm32f407xx_spi.c:649:6:SPI_CloseTransmisson	16	static
../Drivers/Src/stm32f407xx_spi.c:657:6:SPI_CloseReception	16	static
../Drivers/Src/stm32f407xx_spi.c:665:6:SPI_ClearOVRFlag	24	static
../Drivers/Src/stm32f407xx_spi.c:672:13:SPI_ApplicationEventCallback	16	static
