../Drivers/Src/stm32f407xx_tim.c:19:6:TIM_PeriClockControl	16	static
../Drivers/Src/stm32f407xx_tim.c:65:6:TIM_SetEncoderMode	16	static
../Drivers/Src/stm32f407xx_tim.c:98:6:TIM_SetConfigEncoder	24	static
../Drivers/Src/stm32f407xx_tim.c:169:6:TIM_SetConfigPWM	24	static
../Drivers/Src/stm32f407xx_tim.c:209:6:GPIO_Init_TIM	32	static
../Drivers/Src/stm32f407xx_tim.c:253:6:GPIO_Init_Encoder	24	static
../Drivers/Src/stm32f407xx_tim.c:277:6:TIM_PWM_Init	32	static
../Drivers/Src/stm32f407xx_tim.c:295:6:TIM_Encoder_Init	24	static
../Drivers/Src/stm32f407xx_tim.c:313:6:TIM_SetChannelPolarity	16	static
../Drivers/Src/stm32f407xx_tim.c:367:6:TIM_ChannelOutputControl	16	static
../Drivers/Src/stm32f407xx_tim.c:414:6:TIM_ConfigTimeBase	24	static
../Drivers/Src/stm32f407xx_tim.c:448:6:TIM_SetDuty	16	static
../Drivers/Src/stm32f407xx_tim.c:455:10:TIM_GetCounter	16	static
../Drivers/Src/stm32f407xx_tim.c:468:6:TIM_SetOCMode	16	static
../Drivers/Src/stm32f407xx_tim.c:516:6:TIM_SetICMode	16	static
../Drivers/Src/stm32f407xx_tim.c:553:13:TIM_SetCounterMode	16	static
../Drivers/Src/stm32f407xx_tim.c:587:13:TIM_CounterControl	16	static
