../Drivers/Src/stm32f407xx_tim.c:19:6:TIM_PeriClockControl	16	static
../Drivers/Src/stm32f407xx_tim.c:65:6:TIM_SetEncoderMode	16	static
../Drivers/Src/stm32f407xx_tim.c:98:6:TIM_SetConfigEncoder	24	static
../Drivers/Src/stm32f407xx_tim.c:157:6:TIM_SetConfigPWM	24	static
../Drivers/Src/stm32f407xx_tim.c:197:6:GPIO_Init_TIM	32	static
../Drivers/Src/stm32f407xx_tim.c:241:6:GPIO_Init_Encoder	24	static
../Drivers/Src/stm32f407xx_tim.c:265:6:TIM_PWM_Init	32	static
../Drivers/Src/stm32f407xx_tim.c:283:6:TIM_Encoder_Init	24	static
../Drivers/Src/stm32f407xx_tim.c:301:6:TIM_SetChannelPolarity	16	static
../Drivers/Src/stm32f407xx_tim.c:355:6:TIM_ChannelOutputControl	16	static
../Drivers/Src/stm32f407xx_tim.c:402:6:TIM_ConfigTimeBase	24	static
../Drivers/Src/stm32f407xx_tim.c:435:6:TIM_SetDuty	16	static
../Drivers/Src/stm32f407xx_tim.c:440:10:TIM_GetCounter	16	static
../Drivers/Src/stm32f407xx_tim.c:453:6:TIM_SetOCMode	16	static
../Drivers/Src/stm32f407xx_tim.c:501:6:TIM_SetICMode	16	static
../Drivers/Src/stm32f407xx_tim.c:538:13:TIM_SetCounterMode	16	static
../Drivers/Src/stm32f407xx_tim.c:572:13:TIM_CounterControl	16	static
