../Drivers/Src/SysTick.c:10:6:SysTick_SetReloadValue	16	static
../Drivers/Src/SysTick.c:19:6:SysTick_EnableCounter	4	static
../Drivers/Src/SysTick.c:28:6:SysTick_SelectClockSource	16	static
../Drivers/Src/SysTick.c:38:6:SysTick_InterruptConfig	16	static
../Drivers/Src/SysTick.c:48:6:SysTick_ClearCounterValue	4	static
../Drivers/Src/SysTick.c:58:6:SysTick_Init	8	static
../Drivers/Src/SysTick.c:72:10:getTick	4	static
../Drivers/Src/SysTick.c:82:6:SysTick_Handler	4	static
../Drivers/Src/SysTick.c:92:6:Delay_ms	24	static
