../Drivers/Src/SysTick.c:9:6:SysTick_SetReloadValue	16	static
../Drivers/Src/SysTick.c:18:6:SysTick_EnableCounter	4	static
../Drivers/Src/SysTick.c:27:6:SysTick_SelectClockSource	16	static
../Drivers/Src/SysTick.c:37:6:SysTick_InterruptConfig	16	static
../Drivers/Src/SysTick.c:47:6:SysTick_ClearCounterValue	4	static
../Drivers/Src/SysTick.c:57:6:SysTick_Init	8	static
../Drivers/Src/SysTick.c:71:10:getTick	4	static
../Drivers/Src/SysTick.c:81:6:SysTick_Handler	4	static
../Drivers/Src/SysTick.c:91:6:Delay_ms	24	static
