20:48:30 **** Incremental Build of configuration Debug for project stm32f4xx_drivers ****
make -j12 all 
arm-none-eabi-size  stm32f4xx_drivers.elf 
   text	   data	    bss	    dec	    hex	filename
  24816	    456	   1904	  27176	   6a28	stm32f4xx_drivers.elf
Finished building: default.size.stdout
 
20:48:34 **** Incremental Build of configuration Debug for project stm32f4xx_drivers ****
make -j12 all 
arm-none-eabi-size  stm32f4xx_drivers.elf 
   text	   data	    bss	    dec	    hex	filename
  24816	    456	   1904	  27176	   6a28	stm32f4xx_drivers.elf
Finished building: default.size.stdout
 
