10:06:19 **** Incremental Build of configuration Debug for project stm32f4xx_drivers ****
make -j8 all 
arm-none-eabi-gcc "../Core/Src/main.c" -mcpu=cortex-m4 -std=gnu11 -g3 -DDEBUG -DSTM32 -DSTM32F407G_DISC1 -DSTM32F4 -DSTM32F407VGTx -c -I"D:/Project/Self-balancing_1/MCU_workspace/stm32f4xx_drivers/Drivers/Inc" -include"D:/Project/Self-balancing_1/MCU_workspace/stm32f4xx_drivers/Drivers/Inc/stm32f407xx.h" -O0 -ffunction-sections -fdata-sections -Wall -fstack-usage -fcyclomatic-complexity -MMD -MP -MF"Core/Src/main.d" -MT"Core/Src/main.o" --specs=nano.specs -mfpu=fpv4-sp-d16 -mfloat-abi=hard -mthumb -o "Core/Src/main.o"
arm-none-eabi-gcc -o "stm32f4xx_drivers.elf" @"objects.list"   -mcpu=cortex-m4 -T"D:\Project\Self-balancing_1\MCU_workspace\stm32f4xx_drivers\STM32F407VGTX_FLASH.ld" --specs=nosys.specs -Wl,-Map="stm32f4xx_drivers.map" -Wl,--gc-sections -static --specs=nano.specs -mfpu=fpv4-sp-d16 -mfloat-abi=hard -mthumb -u _printf_float -u _scanf_float -Wl,--start-group -lc -lm -Wl,--end-group
Finished building target: stm32f4xx_drivers.elf
 
arm-none-eabi-size  stm32f4xx_drivers.elf 
arm-none-eabi-objdump -h -S stm32f4xx_drivers.elf  > "stm32f4xx_drivers.list"
   text	   data	    bss	    dec	    hex	filename
  23056	    456	   1904	  25416	   6348	stm32f4xx_drivers.elf
Finished building: default.size.stdout
 
Finished building: stm32f4xx_drivers.list
 

10:06:20 Build Finished. 0 errors, 0 warnings. (took 1s.148ms)

